
===========================================================================
 report_power
============================================================================
======================= nom_slow_1p08V_125C Corner ===================================

Group                    Internal    Switching      Leakage        Total
                            Power        Power        Power        Power (Watts)
------------------------------------------------------------------------
Sequential           8.126980e-04 5.459187e-04 6.573820e-07 1.359274e-03   3.6%
Combinational        1.820984e-02 1.468866e-02 9.545059e-06 3.290805e-02  87.4%
Clock                0.000000e+00 0.000000e+00 0.000000e+00 0.000000e+00   0.0%
Macro                0.000000e+00 0.000000e+00 0.000000e+00 0.000000e+00   0.0%
Pad                  1.644844e-03 1.741499e-03 1.301818e-07 3.386473e-03   9.0%
------------------------------------------------------------------------
Total                2.066738e-02 1.697609e-02 1.033262e-05 3.765380e-02 100.0%
                            54.9%        45.1%         0.0%

