
18. Executing PROC_DLATCH pass (convert process syncs to latches).
No latch inferred for signal `\AesTop.\io_dataOut_bit' from process `\AesTop.$proc$/home/bob/Schreibtisch/IC-Design/ihp-sg13g2-librelane-template/src/AesTop.v:203$23'.
No latch inferred for signal `\AesTop.\io_done' from process `\AesTop.$proc$/home/bob/Schreibtisch/IC-Design/ihp-sg13g2-librelane-template/src/AesTop.v:193$18'.
No latch inferred for signal `\AesTop.\io_busy' from process `\AesTop.$proc$/home/bob/Schreibtisch/IC-Design/ihp-sg13g2-librelane-template/src/AesTop.v:178$13'.
No latch inferred for signal `\AesTop.\area_aes_io_start' from process `\AesTop.$proc$/home/bob/Schreibtisch/IC-Design/ihp-sg13g2-librelane-template/src/AesTop.v:166$8'.
No latch inferred for signal `\AesIterative.\_zz_stateReg_111' from process `\AesIterative.$proc$/home/bob/Schreibtisch/IC-Design/ihp-sg13g2-librelane-template/src/AesIterative.v:14108$681'.
No latch inferred for signal `\AesIterative.\_zz_stateReg_110' from process `\AesIterative.$proc$/home/bob/Schreibtisch/IC-Design/ihp-sg13g2-librelane-template/src/AesIterative.v:14099$661'.
No latch inferred for signal `\AesIterative.\_zz_stateReg_109' from process `\AesIterative.$proc$/home/bob/Schreibtisch/IC-Design/ihp-sg13g2-librelane-template/src/AesIterative.v:14090$642'.
No latch inferred for signal `\AesIterative.\_zz_stateReg_108' from process `\AesIterative.$proc$/home/bob/Schreibtisch/IC-Design/ihp-sg13g2-librelane-template/src/AesIterative.v:14081$626'.
No latch inferred for signal `\AesIterative.\_zz_stateReg_107' from process `\AesIterative.$proc$/home/bob/Schreibtisch/IC-Design/ihp-sg13g2-librelane-template/src/AesIterative.v:14072$607'.
No latch inferred for signal `\AesIterative.\_zz_stateReg_106' from process `\AesIterative.$proc$/home/bob/Schreibtisch/IC-Design/ihp-sg13g2-librelane-template/src/AesIterative.v:14063$587'.
No latch inferred for signal `\AesIterative.\_zz_stateReg_105' from process `\AesIterative.$proc$/home/bob/Schreibtisch/IC-Design/ihp-sg13g2-librelane-template/src/AesIterative.v:14054$568'.
No latch inferred for signal `\AesIterative.\_zz_stateReg_104' from process `\AesIterative.$proc$/home/bob/Schreibtisch/IC-Design/ihp-sg13g2-librelane-template/src/AesIterative.v:14045$552'.
No latch inferred for signal `\AesIterative.\_zz_stateReg_103' from process `\AesIterative.$proc$/home/bob/Schreibtisch/IC-Design/ihp-sg13g2-librelane-template/src/AesIterative.v:14036$533'.
No latch inferred for signal `\AesIterative.\_zz_stateReg_102' from process `\AesIterative.$proc$/home/bob/Schreibtisch/IC-Design/ihp-sg13g2-librelane-template/src/AesIterative.v:14027$513'.
No latch inferred for signal `\AesIterative.\_zz_stateReg_101' from process `\AesIterative.$proc$/home/bob/Schreibtisch/IC-Design/ihp-sg13g2-librelane-template/src/AesIterative.v:14018$494'.
No latch inferred for signal `\AesIterative.\_zz_stateReg_100' from process `\AesIterative.$proc$/home/bob/Schreibtisch/IC-Design/ihp-sg13g2-librelane-template/src/AesIterative.v:14009$478'.
No latch inferred for signal `\AesIterative.\_zz_stateReg_99' from process `\AesIterative.$proc$/home/bob/Schreibtisch/IC-Design/ihp-sg13g2-librelane-template/src/AesIterative.v:14000$459'.
No latch inferred for signal `\AesIterative.\_zz_stateReg_98' from process `\AesIterative.$proc$/home/bob/Schreibtisch/IC-Design/ihp-sg13g2-librelane-template/src/AesIterative.v:13991$439'.
No latch inferred for signal `\AesIterative.\_zz_stateReg_97' from process `\AesIterative.$proc$/home/bob/Schreibtisch/IC-Design/ihp-sg13g2-librelane-template/src/AesIterative.v:13982$420'.
No latch inferred for signal `\AesIterative.\_zz_stateReg_96' from process `\AesIterative.$proc$/home/bob/Schreibtisch/IC-Design/ihp-sg13g2-librelane-template/src/AesIterative.v:13973$404'.
No latch inferred for signal `\AesIterative.\_zz_stateReg_35' from process `\AesIterative.$proc$/home/bob/Schreibtisch/IC-Design/ihp-sg13g2-librelane-template/src/AesIterative.v:13897$376'.
No latch inferred for signal `\AesIterative.\_zz_stateReg_34' from process `\AesIterative.$proc$/home/bob/Schreibtisch/IC-Design/ihp-sg13g2-librelane-template/src/AesIterative.v:13889$367'.
No latch inferred for signal `\AesIterative.\_zz_stateReg_33' from process `\AesIterative.$proc$/home/bob/Schreibtisch/IC-Design/ihp-sg13g2-librelane-template/src/AesIterative.v:13881$358'.
No latch inferred for signal `\AesIterative.\_zz_stateReg_32' from process `\AesIterative.$proc$/home/bob/Schreibtisch/IC-Design/ihp-sg13g2-librelane-template/src/AesIterative.v:13873$349'.
No latch inferred for signal `\AesIterative.\_zz_stateReg_31' from process `\AesIterative.$proc$/home/bob/Schreibtisch/IC-Design/ihp-sg13g2-librelane-template/src/AesIterative.v:13865$340'.
No latch inferred for signal `\AesIterative.\_zz_stateReg_30' from process `\AesIterative.$proc$/home/bob/Schreibtisch/IC-Design/ihp-sg13g2-librelane-template/src/AesIterative.v:13857$331'.
No latch inferred for signal `\AesIterative.\_zz_stateReg_29' from process `\AesIterative.$proc$/home/bob/Schreibtisch/IC-Design/ihp-sg13g2-librelane-template/src/AesIterative.v:13849$322'.
No latch inferred for signal `\AesIterative.\_zz_stateReg_28' from process `\AesIterative.$proc$/home/bob/Schreibtisch/IC-Design/ihp-sg13g2-librelane-template/src/AesIterative.v:13841$313'.
No latch inferred for signal `\AesIterative.\_zz_stateReg_27' from process `\AesIterative.$proc$/home/bob/Schreibtisch/IC-Design/ihp-sg13g2-librelane-template/src/AesIterative.v:13833$304'.
No latch inferred for signal `\AesIterative.\_zz_stateReg_26' from process `\AesIterative.$proc$/home/bob/Schreibtisch/IC-Design/ihp-sg13g2-librelane-template/src/AesIterative.v:13825$295'.
No latch inferred for signal `\AesIterative.\_zz_stateReg_25' from process `\AesIterative.$proc$/home/bob/Schreibtisch/IC-Design/ihp-sg13g2-librelane-template/src/AesIterative.v:13817$286'.
No latch inferred for signal `\AesIterative.\_zz_stateReg_24' from process `\AesIterative.$proc$/home/bob/Schreibtisch/IC-Design/ihp-sg13g2-librelane-template/src/AesIterative.v:13809$277'.
No latch inferred for signal `\AesIterative.\_zz_stateReg_23' from process `\AesIterative.$proc$/home/bob/Schreibtisch/IC-Design/ihp-sg13g2-librelane-template/src/AesIterative.v:13801$268'.
No latch inferred for signal `\AesIterative.\_zz_stateReg_22' from process `\AesIterative.$proc$/home/bob/Schreibtisch/IC-Design/ihp-sg13g2-librelane-template/src/AesIterative.v:13793$259'.
No latch inferred for signal `\AesIterative.\_zz_stateReg_21' from process `\AesIterative.$proc$/home/bob/Schreibtisch/IC-Design/ihp-sg13g2-librelane-template/src/AesIterative.v:13785$250'.
No latch inferred for signal `\AesIterative.\_zz_stateReg_20' from process `\AesIterative.$proc$/home/bob/Schreibtisch/IC-Design/ihp-sg13g2-librelane-template/src/AesIterative.v:13777$241'.
No latch inferred for signal `\AesIterative.\io_dataOut' from process `\AesIterative.$proc$/home/bob/Schreibtisch/IC-Design/ihp-sg13g2-librelane-template/src/AesIterative.v:13734$232'.
No latch inferred for signal `\AesIterative.\io_done' from process `\AesIterative.$proc$/home/bob/Schreibtisch/IC-Design/ihp-sg13g2-librelane-template/src/AesIterative.v:13713$228'.
No latch inferred for signal `\AesIterative.\_zz__zz_stateReg_79_34' from process `\AesIterative.$proc$/home/bob/Schreibtisch/IC-Design/ihp-sg13g2-librelane-template/src/AesIterative.v:12929$227'.
No latch inferred for signal `\AesIterative.\_zz__zz_stateReg_79_32' from process `\AesIterative.$proc$/home/bob/Schreibtisch/IC-Design/ihp-sg13g2-librelane-template/src/AesIterative.v:12668$226'.
No latch inferred for signal `\AesIterative.\_zz__zz_stateReg_79_30' from process `\AesIterative.$proc$/home/bob/Schreibtisch/IC-Design/ihp-sg13g2-librelane-template/src/AesIterative.v:12407$225'.
No latch inferred for signal `\AesIterative.\_zz__zz_stateReg_79_28' from process `\AesIterative.$proc$/home/bob/Schreibtisch/IC-Design/ihp-sg13g2-librelane-template/src/AesIterative.v:12146$224'.
No latch inferred for signal `\AesIterative.\_zz__zz_stateReg_79_26' from process `\AesIterative.$proc$/home/bob/Schreibtisch/IC-Design/ihp-sg13g2-librelane-template/src/AesIterative.v:11885$223'.
No latch inferred for signal `\AesIterative.\_zz__zz_stateReg_79_24' from process `\AesIterative.$proc$/home/bob/Schreibtisch/IC-Design/ihp-sg13g2-librelane-template/src/AesIterative.v:11624$222'.
No latch inferred for signal `\AesIterative.\_zz__zz_stateReg_79_21' from process `\AesIterative.$proc$/home/bob/Schreibtisch/IC-Design/ihp-sg13g2-librelane-template/src/AesIterative.v:11363$221'.
No latch inferred for signal `\AesIterative.\_zz__zz_stateReg_79_19' from process `\AesIterative.$proc$/home/bob/Schreibtisch/IC-Design/ihp-sg13g2-librelane-template/src/AesIterative.v:11102$220'.
No latch inferred for signal `\AesIterative.\_zz__zz_stateReg_79_17' from process `\AesIterative.$proc$/home/bob/Schreibtisch/IC-Design/ihp-sg13g2-librelane-template/src/AesIterative.v:10841$219'.
No latch inferred for signal `\AesIterative.\_zz__zz_stateReg_79_15' from process `\AesIterative.$proc$/home/bob/Schreibtisch/IC-Design/ihp-sg13g2-librelane-template/src/AesIterative.v:10580$218'.
No latch inferred for signal `\AesIterative.\_zz__zz_stateReg_79_13' from process `\AesIterative.$proc$/home/bob/Schreibtisch/IC-Design/ihp-sg13g2-librelane-template/src/AesIterative.v:10319$217'.
No latch inferred for signal `\AesIterative.\_zz__zz_stateReg_79_11' from process `\AesIterative.$proc$/home/bob/Schreibtisch/IC-Design/ihp-sg13g2-librelane-template/src/AesIterative.v:10058$216'.
No latch inferred for signal `\AesIterative.\_zz__zz_stateReg_79_8' from process `\AesIterative.$proc$/home/bob/Schreibtisch/IC-Design/ihp-sg13g2-librelane-template/src/AesIterative.v:9797$215'.
No latch inferred for signal `\AesIterative.\_zz__zz_stateReg_79_6' from process `\AesIterative.$proc$/home/bob/Schreibtisch/IC-Design/ihp-sg13g2-librelane-template/src/AesIterative.v:9536$214'.
No latch inferred for signal `\AesIterative.\_zz__zz_stateReg_79_4' from process `\AesIterative.$proc$/home/bob/Schreibtisch/IC-Design/ihp-sg13g2-librelane-template/src/AesIterative.v:9275$213'.
No latch inferred for signal `\AesIterative.\_zz__zz_stateReg_79_2' from process `\AesIterative.$proc$/home/bob/Schreibtisch/IC-Design/ihp-sg13g2-librelane-template/src/AesIterative.v:9014$212'.
No latch inferred for signal `\AesIterative.\_zz__zz_roundKeyReg_0_1_6' from process `\AesIterative.$proc$/home/bob/Schreibtisch/IC-Design/ihp-sg13g2-librelane-template/src/AesIterative.v:8753$211'.
No latch inferred for signal `\AesIterative.\_zz__zz_roundKeyReg_0_1_4' from process `\AesIterative.$proc$/home/bob/Schreibtisch/IC-Design/ihp-sg13g2-librelane-template/src/AesIterative.v:8492$210'.
No latch inferred for signal `\AesIterative.\_zz__zz_roundKeyReg_0_1_2' from process `\AesIterative.$proc$/home/bob/Schreibtisch/IC-Design/ihp-sg13g2-librelane-template/src/AesIterative.v:8231$209'.
No latch inferred for signal `\AesIterative.\_zz__zz_roundKeyReg_0_1' from process `\AesIterative.$proc$/home/bob/Schreibtisch/IC-Design/ihp-sg13g2-librelane-template/src/AesIterative.v:7970$208'.
No latch inferred for signal `\AesIterative.\_zz__zz_stateReg_75_8' from process `\AesIterative.$proc$/home/bob/Schreibtisch/IC-Design/ihp-sg13g2-librelane-template/src/AesIterative.v:7955$207'.
No latch inferred for signal `\AesIterative.\_zz__zz_stateReg_75_6' from process `\AesIterative.$proc$/home/bob/Schreibtisch/IC-Design/ihp-sg13g2-librelane-template/src/AesIterative.v:7694$206'.
No latch inferred for signal `\AesIterative.\_zz__zz_stateReg_75_4' from process `\AesIterative.$proc$/home/bob/Schreibtisch/IC-Design/ihp-sg13g2-librelane-template/src/AesIterative.v:7433$205'.
No latch inferred for signal `\AesIterative.\_zz__zz_stateReg_75_2' from process `\AesIterative.$proc$/home/bob/Schreibtisch/IC-Design/ihp-sg13g2-librelane-template/src/AesIterative.v:7172$204'.
No latch inferred for signal `\AesIterative.\_zz__zz_stateReg_75' from process `\AesIterative.$proc$/home/bob/Schreibtisch/IC-Design/ihp-sg13g2-librelane-template/src/AesIterative.v:6911$203'.
No latch inferred for signal `\AesIterative.\_zz__zz_stateReg_70_6' from process `\AesIterative.$proc$/home/bob/Schreibtisch/IC-Design/ihp-sg13g2-librelane-template/src/AesIterative.v:6650$202'.
No latch inferred for signal `\AesIterative.\_zz__zz_stateReg_70_4' from process `\AesIterative.$proc$/home/bob/Schreibtisch/IC-Design/ihp-sg13g2-librelane-template/src/AesIterative.v:6389$201'.
No latch inferred for signal `\AesIterative.\_zz__zz_stateReg_70_2' from process `\AesIterative.$proc$/home/bob/Schreibtisch/IC-Design/ihp-sg13g2-librelane-template/src/AesIterative.v:6128$200'.
No latch inferred for signal `\AesIterative.\_zz__zz_stateReg_70' from process `\AesIterative.$proc$/home/bob/Schreibtisch/IC-Design/ihp-sg13g2-librelane-template/src/AesIterative.v:5867$199'.
No latch inferred for signal `\AesIterative.\_zz__zz_stateReg_68' from process `\AesIterative.$proc$/home/bob/Schreibtisch/IC-Design/ihp-sg13g2-librelane-template/src/AesIterative.v:5852$198'.
No latch inferred for signal `\AesIterative.\_zz__zz_stateReg_19' from process `\AesIterative.$proc$/home/bob/Schreibtisch/IC-Design/ihp-sg13g2-librelane-template/src/AesIterative.v:5591$197'.
No latch inferred for signal `\AesIterative.\_zz__zz_stateReg_15' from process `\AesIterative.$proc$/home/bob/Schreibtisch/IC-Design/ihp-sg13g2-librelane-template/src/AesIterative.v:5330$196'.
No latch inferred for signal `\AesIterative.\_zz__zz_stateReg_11' from process `\AesIterative.$proc$/home/bob/Schreibtisch/IC-Design/ihp-sg13g2-librelane-template/src/AesIterative.v:5069$195'.
No latch inferred for signal `\AesIterative.\_zz__zz_stateReg_7' from process `\AesIterative.$proc$/home/bob/Schreibtisch/IC-Design/ihp-sg13g2-librelane-template/src/AesIterative.v:4808$194'.
No latch inferred for signal `\AesIterative.\_zz__zz_stateReg_18' from process `\AesIterative.$proc$/home/bob/Schreibtisch/IC-Design/ihp-sg13g2-librelane-template/src/AesIterative.v:4547$193'.
No latch inferred for signal `\AesIterative.\_zz__zz_stateReg_14' from process `\AesIterative.$proc$/home/bob/Schreibtisch/IC-Design/ihp-sg13g2-librelane-template/src/AesIterative.v:4286$192'.
No latch inferred for signal `\AesIterative.\_zz__zz_stateReg_10' from process `\AesIterative.$proc$/home/bob/Schreibtisch/IC-Design/ihp-sg13g2-librelane-template/src/AesIterative.v:4025$191'.
No latch inferred for signal `\AesIterative.\_zz__zz_stateReg_6' from process `\AesIterative.$proc$/home/bob/Schreibtisch/IC-Design/ihp-sg13g2-librelane-template/src/AesIterative.v:3764$190'.
No latch inferred for signal `\AesIterative.\_zz__zz_stateReg_17' from process `\AesIterative.$proc$/home/bob/Schreibtisch/IC-Design/ihp-sg13g2-librelane-template/src/AesIterative.v:3503$189'.
No latch inferred for signal `\AesIterative.\_zz__zz_stateReg_13' from process `\AesIterative.$proc$/home/bob/Schreibtisch/IC-Design/ihp-sg13g2-librelane-template/src/AesIterative.v:3242$188'.
No latch inferred for signal `\AesIterative.\_zz__zz_stateReg_9' from process `\AesIterative.$proc$/home/bob/Schreibtisch/IC-Design/ihp-sg13g2-librelane-template/src/AesIterative.v:2981$187'.
No latch inferred for signal `\AesIterative.\_zz__zz_stateReg_5' from process `\AesIterative.$proc$/home/bob/Schreibtisch/IC-Design/ihp-sg13g2-librelane-template/src/AesIterative.v:2720$186'.
No latch inferred for signal `\AesIterative.\_zz__zz_stateReg_16' from process `\AesIterative.$proc$/home/bob/Schreibtisch/IC-Design/ihp-sg13g2-librelane-template/src/AesIterative.v:2459$185'.
No latch inferred for signal `\AesIterative.\_zz__zz_stateReg_12' from process `\AesIterative.$proc$/home/bob/Schreibtisch/IC-Design/ihp-sg13g2-librelane-template/src/AesIterative.v:2198$184'.
No latch inferred for signal `\AesIterative.\_zz__zz_stateReg_8' from process `\AesIterative.$proc$/home/bob/Schreibtisch/IC-Design/ihp-sg13g2-librelane-template/src/AesIterative.v:1937$183'.
No latch inferred for signal `\AesIterative.\_zz__zz_stateReg_4' from process `\AesIterative.$proc$/home/bob/Schreibtisch/IC-Design/ihp-sg13g2-librelane-template/src/AesIterative.v:1676$182'.
