
===========================================================================
 report_power
============================================================================
======================= nom_fast_1p32V_m40C Corner ===================================

Group                    Internal    Switching      Leakage        Total
                            Power        Power        Power        Power (Watts)
------------------------------------------------------------------------
Sequential           1.231460e-03 9.226170e-04 2.912584e-07 2.154368e-03   3.5%
Combinational        2.950454e-02 2.518213e-02 5.679365e-06 5.469235e-02  87.9%
Clock                0.000000e+00 0.000000e+00 0.000000e+00 0.000000e+00   0.0%
Macro                0.000000e+00 0.000000e+00 0.000000e+00 0.000000e+00   0.0%
Pad                  2.882591e-03 2.508914e-03 3.584142e-08 5.391541e-03   8.7%
------------------------------------------------------------------------
Total                3.361857e-02 2.861366e-02 6.006475e-06 6.223824e-02 100.0%
                            54.0%        46.0%         0.0%

